Archive member included to satisfy reference by file (symbol)

lib/liblvgl.a(lv_obj.c.o)     CMakeFiles/pico_shark.dir/main.cpp.o (lv_init)
lib/liblvgl.a(lv_obj_class.c.o)
                              lib/liblvgl.a(lv_obj.c.o) (lv_obj_class_create_obj)
lib/liblvgl.a(lv_obj_draw.c.o)
                              lib/liblvgl.a(lv_obj.c.o) (lv_obj_init_draw_rect_dsc)
lib/liblvgl.a(lv_obj_pos.c.o)
                              lib/liblvgl.a(lv_obj.c.o) (lv_obj_is_layout_positioned)
lib/liblvgl.a(lv_obj_scroll.c.o)
                              lib/liblvgl.a(lv_obj.c.o) (lv_obj_get_scrollbar_mode)
lib/liblvgl.a(lv_obj_style.c.o)
                              lib/liblvgl.a(lv_obj.c.o) (_lv_obj_style_init)
lib/liblvgl.a(lv_obj_style_gen.c.o)
                              lib/liblvgl.a(lv_obj_pos.c.o) (lv_obj_set_style_width)
lib/liblvgl.a(lv_obj_tree.c.o)
                              lib/liblvgl.a(lv_obj_pos.c.o) (lv_obj_get_screen)
lib/liblvgl.a(lv_refr.c.o)    lib/liblvgl.a(lv_obj.c.o) (_lv_refr_init)
lib/liblvgl.a(lv_theme.c.o)   lib/liblvgl.a(lv_obj_class.c.o) (lv_theme_apply)
lib/liblvgl.a(lv_draw.c.o)    lib/liblvgl.a(lv_obj.c.o) (lv_draw_init)
lib/liblvgl.a(lv_draw_img.c.o)
                              lib/liblvgl.a(lv_refr.c.o) (lv_draw_img_dsc_init)
lib/liblvgl.a(lv_draw_label.c.o)
                              lib/liblvgl.a(lv_draw_img.c.o) (lv_draw_label_dsc_init)
lib/liblvgl.a(lv_draw_layer.c.o)
                              lib/liblvgl.a(lv_refr.c.o) (lv_draw_layer_create)
lib/liblvgl.a(lv_draw_line.c.o)
                              lib/liblvgl.a(lv_draw_label.c.o) (lv_draw_line_dsc_init)
lib/liblvgl.a(lv_draw_mask.c.o)
                              lib/liblvgl.a(lv_obj.c.o) (lv_draw_mask_add)
lib/liblvgl.a(lv_draw_rect.c.o)
                              lib/liblvgl.a(lv_obj.c.o) (lv_draw_rect_dsc_init)
lib/liblvgl.a(lv_img_buf.c.o)
                              lib/liblvgl.a(lv_draw_img.c.o) (_lv_img_buf_get_transformed_area)
lib/liblvgl.a(lv_img_cache.c.o)
                              lib/liblvgl.a(lv_draw_img.c.o) (_lv_img_cache_open)
lib/liblvgl.a(lv_img_decoder.c.o)
                              lib/liblvgl.a(lv_obj.c.o) (_lv_img_decoder_init)
lib/liblvgl.a(lv_extra.c.o)   lib/liblvgl.a(lv_obj.c.o) (lv_extra_init)
lib/liblvgl.a(lv_font.c.o)    lib/liblvgl.a(lv_draw_label.c.o) (lv_font_get_glyph_width)
lib/liblvgl.a(lv_font_fmt_txt.c.o)
                              lib/liblvgl.a(lv_refr.c.o) (_lv_font_clean_up_fmt_txt)
lib/liblvgl.a(lv_font_montserrat_14.c.o)
                              lib/liblvgl.a(lv_theme.c.o) (lv_font_montserrat_14)
lib/liblvgl.a(lv_hal_disp.c.o)
                              CMakeFiles/pico_shark.dir/main.cpp.o (lv_disp_drv_init)
lib/liblvgl.a(lv_hal_indev.c.o)
                              lib/liblvgl.a(lv_obj_scroll.c.o) (lv_indev_get_next)
lib/liblvgl.a(lv_hal_tick.c.o)
                              CMakeFiles/pico_shark.dir/main.cpp.o (lv_tick_inc)
lib/liblvgl.a(lv_anim.c.o)    lib/liblvgl.a(lv_obj.c.o) (_lv_anim_core_init)
lib/liblvgl.a(lv_area.c.o)    lib/liblvgl.a(lv_obj_scroll.c.o) (lv_area_set)
lib/liblvgl.a(lv_async.c.o)   lib/liblvgl.a(lv_obj_tree.c.o) (lv_async_call)
lib/liblvgl.a(lv_color.c.o)   lib/liblvgl.a(lv_theme.c.o) (lv_palette_main)
lib/liblvgl.a(lv_fs.c.o)      lib/liblvgl.a(lv_obj.c.o) (_lv_fs_init)
lib/liblvgl.a(lv_gc.c.o)      lib/liblvgl.a(lv_obj.c.o) (_lv_gc_clear_roots)
lib/liblvgl.a(lv_ll.c.o)      lib/liblvgl.a(lv_obj.c.o) (_lv_ll_init)
lib/liblvgl.a(lv_math.c.o)    lib/liblvgl.a(lv_draw_mask.c.o) (lv_trigo_sin)
lib/liblvgl.a(lv_mem.c.o)     lib/liblvgl.a(lv_obj.c.o) (lv_mem_init)
lib/liblvgl.a(lv_style.c.o)   lib/liblvgl.a(lv_obj_style.c.o) (lv_style_init)
lib/liblvgl.a(lv_timer.c.o)   lib/liblvgl.a(lv_obj.c.o) (_lv_timer_core_init)
lib/liblvgl.a(lv_tlsf.c.o)    lib/liblvgl.a(lv_mem.c.o) (lv_tlsf_check)
lib/liblvgl.a(lv_txt.c.o)     lib/liblvgl.a(lv_draw_label.c.o) (_lv_txt_get_next_line)
lib/liblvgl.a(lv_utils.c.o)   lib/liblvgl.a(lv_font_fmt_txt.c.o) (_lv_utils_bsearch)
lib/liblvgl.a(lv_disp.c.o)    lib/liblvgl.a(lv_obj_pos.c.o) (lv_disp_get_scr_act)
lib/liblvgl.a(lv_event.c.o)   lib/liblvgl.a(lv_obj.c.o) (lv_event_send)
lib/liblvgl.a(lv_group.c.o)   lib/liblvgl.a(lv_obj.c.o) (_lv_group_init)
lib/liblvgl.a(lv_indev.c.o)   lib/liblvgl.a(lv_obj.c.o) (lv_indev_get_act)
lib/liblvgl.a(lv_indev_scroll.c.o)
                              lib/liblvgl.a(lv_indev.c.o) (_lv_indev_scroll_handler)
lib/liblvgl.a(lv_draw_sw.c.o)
                              lib/liblvgl.a(lv_hal_disp.c.o) (lv_draw_sw_init_ctx)
lib/liblvgl.a(lv_draw_sw_arc.c.o)
                              lib/liblvgl.a(lv_draw_sw.c.o) (lv_draw_sw_arc)
lib/liblvgl.a(lv_draw_sw_blend.c.o)
                              lib/liblvgl.a(lv_draw_sw.c.o) (lv_draw_sw_blend_basic)
lib/liblvgl.a(lv_draw_sw_img.c.o)
                              lib/liblvgl.a(lv_draw_sw.c.o) (lv_draw_sw_img_decoded)
lib/liblvgl.a(lv_draw_sw_layer.c.o)
[...]
Memory Configuration

Name             Origin             Length             Attributes
FLASH            0x10000000         0x00400000         xr
RAM              0x20000000         0x00080000         xrw
SCRATCH_X        0x20080000         0x00001000         xrw
SCRATCH_Y        0x20081000         0x00001000         xrw
*default*        0x00000000         0xffffffff

Linker script and memory map

LOAD /usr/lib/gcc/arm-none-eabi/14.2.0/thumb/v8-m.main+fp/softfp/crti.o
LOAD /usr/lib/gcc/arm-none-eabi/14.2.0/thumb/v8-m.main+fp/softfp/crtbegin.o
LOAD /usr/lib/gcc/arm-none-eabi/14.2.0/../../../../arm-none-eabi/lib/thumb/v8-m.main+fp/softfp/crt0.o

.flash_begin    0x10000000        0x0
                0x10000000                        __flash_binary_start = .

.text           0x10000000    0x3f018
                0x10000000                        __logical_binary_start = .
 *(.vectors)
 .vectors       0x10000000      0x124 CMakeFiles/pico_shark.dir/home/arch/pico/pico-sdk/src/rp2_common/pico_crt0/crt0.S.o
                0x10000000                __vectors
                0x10000000                __VECTOR_TABLE
                0x10000110                isr_securefault
                0x10000110                isr_irq30
                0x10000110                __unhandled_user_irq
                0x10000110                isr_irq49
                0x10000110                isr_irq13
                0x10000110                isr_irq43
                0x10000110                isr_irq45
                0x10000110                isr_irq27
                0x10000110                isr_irq32
                0x10000110                isr_irq31
                0x10000110                isr_irq5
                0x10000110                isr_irq11
                0x10000110                isr_irq23
                0x10000110                isr_usagefault
                0x10000110                isr_irq48
                0x10000110                isr_irq35
                0x10000110                isr_irq18
                0x10000110                isr_irq50
                0x10000110                isr_irq40
                0x10000110                isr_irq28
                0x10000110                isr_irq19
                0x10000110                isr_irq36
                0x10000110                isr_irq41
                0x10000110                isr_irq0
                0x10000110                isr_irq6
                0x10000110                isr_memmanage
                0x10000110                isr_irq37
                0x10000110                isr_irq42
                0x10000110                isr_irq22
                0x10000110                isr_irq17
                0x10000110                isr_irq38
                0x10000110                isr_irq14
                0x10000110                __vectors_end
                0x10000110                __default_isrs_start
                0x10000110                isr_irq2
                0x10000110                isr_irq10
                0x10000110                isr_irq8
                0x10000110                isr_debugmonitor
                0x10000110                isr_irq24
                0x10000110                isr_irq46
                0x10000110                isr_irq1
                0x10000110                isr_irq47
                0x10000110                isr_irq51
                0x10000110                isr_irq7
                0x10000110                isr_irq21
                0x10000110                isr_irq39
                0x10000110                isr_irq20
                0x10000110                isr_irq15
                0x10000110                isr_irq25
                0x10000110                isr_irq34
                0x10000110                isr_irq4
                0x10000110                isr_busfault
                0x10000110                isr_irq16
                0x10000110                isr_irq44
                0x10000110                isr_irq29
                0x10000110                isr_irq26
                0x10000110                isr_irq33
                0x10000110                isr_irq3
                0x10000110                isr_irq12
                0x10000110                isr_irq9
                0x10000116                unhandled_user_irq_num_in_r0
                0x10000118                isr_invalid
                0x1000011a                isr_nmi
                0x1000011c                isr_hardfault
                0x1000011e                isr_svcall
                0x10000120                isr_pendsv
                0x10000122                isr_systick
                0x10000124                __default_isrs_end
 *(.binary_info_header)
 .binary_info_header
                0x10000124       0x14 CMakeFiles/pico_shark.dir/home/arch/pico/pico-sdk/src/rp2_common/pico_crt0/crt0.S.o
                0x10000138                        __binary_info_header_end = .
 *(.embedded_block)
 .embedded_block
                0x10000138       0x14 CMakeFiles/pico_shark.dir/home/arch/pico/pico-sdk/src/rp2_common/pico_crt0/crt0.S.o
                0x1000014c                        __embedded_block_end = .
 *(.reset)
 .reset         0x1000014c       0x98 CMakeFiles/pico_shark.dir/home/arch/pico/pico-sdk/src/rp2_common/pico_crt0/crt0.S.o
                0x1000014c                _entry_point
 *(.init)
 .init          0x100001e4        0x4 /usr/lib/gcc/arm-none-eabi/14.2.0/thumb/v8-m.main+fp/softfp/crti.o
                0x100001e4                _init
 SORT_BY_NAME(REVERSE(*libgcc.a:cmse_nonsecure_call.o))()
 *(EXCLUDE_FILE(*libm.a: *libc.a:*lib_a-mem*.o *libgcc.a:) .text*)
 .text.frame_dummy
                0x100001e8       0x1c /usr/lib/gcc/arm-none-eabi/14.2.0/thumb/v8-m.main+fp/softfp/crtbegin.o
 .text._ZL13my_disp_flushP14_lv_disp_drv_tPK9lv_area_tP12lv_color16_t
                0x10000204       0x3c CMakeFiles/pico_shark.dir/main.cpp.o
 .text.startup.main
                0x10000240       0xc4 CMakeFiles/pico_shark.dir/main.cpp.o
                0x10000240                main
 .text.startup._GLOBAL__sub_I_display
                0x10000304       0x20 CMakeFiles/pico_shark.dir/main.cpp.o
 .text._ZN7PicoGFX10fillScreenEt
                0x10000324       0x20 CMakeFiles/pico_shark.dir/ST7789/PicoGFX.cpp.o
                0x10000324                PicoGFX::fillScreen(unsigned short)
 .text._ZN7PicoGFX8drawLineEsssst
                0x10000344       0xf8 CMakeFiles/pico_shark.dir/ST7789/PicoGFX.cpp.o
                0x10000344                PicoGFX::drawLine(short, short, short, short, unsigned short)
 .text._ZN7PicoGFX8drawRectEsssst
                0x1000043c       0x64 CMakeFiles/pico_shark.dir/ST7789/PicoGFX.cpp.o
                0x1000043c                PicoGFX::drawRect(short, short, short, short, unsigned short)
 .text._ZN7PicoGFX8drawCharEsshtthh.part.0
                0x100004a0      0x294 CMakeFiles/pico_shark.dir/ST7789/PicoGFX.cpp.o
 .text._ZN7PicoGFX5writeEh
                0x10000734      0x160 CMakeFiles/pico_shark.dir/ST7789/PicoGFX.cpp.o
                0x10000734                PicoGFX::write(unsigned char)
 .text._ZN6ST7789D2Ev
                0x10000894        0x4 CMakeFiles/pico_shark.dir/ST7789/ST7789.cpp.o
                0x10000894                ST7789::~ST7789()
                0x10000894                ST7789::~ST7789()
 .text._ZN6ST7789D0Ev
                0x10000898       0x10 CMakeFiles/pico_shark.dir/ST7789/ST7789.cpp.o
                0x10000898                ST7789::~ST7789()
 .text._ZN6ST7789C2EjjjP8spi_inst
                0x100008a8       0x44 CMakeFiles/pico_shark.dir/ST7789/ST7789.cpp.o
                0x100008a8                ST7789::ST7789(unsigned int, unsigned int, unsigned int, spi_inst*)
                0x100008a8                ST7789::ST7789(unsigned int, unsigned int, unsigned int, spi_inst*)
 .text._ZN6ST77895beginEv
                0x100008ec      0x120 CMakeFiles/pico_shark.dir/ST7789/ST7789.cpp.o
                0x100008ec                ST7789::begin()
 .text._ZN6ST778913setAddrWindowEssss
                0x10000a0c      0x100 CMakeFiles/pico_shark.dir/ST7789/ST7789.cpp.o
                0x10000a0c                ST7789::setAddrWindow(short, short, short, short)
 .text._ZN6ST77899drawPixelEsst
                0x10000b0c       0x60 CMakeFiles/pico_shark.dir/ST7789/ST7789.cpp.o
                0x10000b0c                ST7789::drawPixel(short, short, unsigned short)
 .text._ZN6ST77898fillRectEsssst
                0x10000b6c       0x94 CMakeFiles/pico_shark.dir/ST7789/ST7789.cpp.o
                0x10000b6c                ST7789::fillRect(short, short, short, short, unsigned short)
 .text._ZN6ST778910pushColorsEssssPKt
                0x10000c00       0x5c CMakeFiles/pico_shark.dir/ST7789/ST7789.cpp.o
                0x10000c00                ST7789::pushColors(short, short, short, short, unsigned short const*)
 .text.gpio_set_function
                0x10000c5c       0x3c CMakeFiles/pico_shark.dir/home/arch/pico/pico-sdk/src/rp2_common/hardware_gpio/gpio.c.o
                0x10000c5c                gpio_set_function
 .text.gpio_init
                0x10000c98       0x48 CMakeFiles/pico_shark.dir/home/arch/pico/pico-sdk/src/rp2_common/hardware_gpio/gpio.c.o
                0x10000c98                gpio_init
 .text.panic    0x10000ce0       0x30 CMakeFiles/pico_shark.dir/home/arch/pico/pico-sdk/src/rp2_common/pico_platform_panic/panic.c.o
                0x10000ce0                panic
 .text.hw_claim_or_assert
                0x10000d10       0x58 CMakeFiles/pico_shark.dir/home/arch/pico/pico-sdk/src/common/hardware_claim/claim.c.o
                0x10000d10                hw_claim_or_assert
 .text.hw_claim_unused_from_range
                0x10000d68       0x80 CMakeFiles/pico_shark.dir/home/arch/pico/pico-sdk/src/common/hardware_claim/claim.c.o
                0x10000d68                hw_claim_unused_from_range
 .text.next_striped_spin_lock_num
                0x10000de8       0x18 CMakeFiles/pico_shark.dir/home/arch/pico/pico-sdk/src/rp2_common/hardware_sync/sync.c.o
                0x10000de8                next_striped_spin_lock_num
 .text.spin_lock_claim_unused
                0x10000e00       0x20 CMakeFiles/pico_shark.dir/home/arch/pico/pico-sdk/src/rp2_common/hardware_sync/sync.c.o
                0x10000e00                spin_lock_claim_unused
 .text.spinlock_set_extexclall
                0x10000e20       0x10 CMakeFiles/pico_shark.dir/home/arch/pico/pico-sdk/src/rp2_common/hardware_sync_spin_lock/sync_spin_lock.c.o
 .text.spin_locks_reset
                0x10000e30       0x18 CMakeFiles/pico_shark.dir/home/arch/pico/pico-sdk/src/rp2_common/hardware_sync_spin_lock/sync_spin_lock.c.o
                0x10000e30                spin_locks_reset
 .text.runtime_init_per_core_irq_priorities
                0x10000e48       0x20 CMakeFiles/pico_shark.dir/home/arch/pico/pico-sdk/src/rp2_common/hardware_irq/irq.c.o
                0x10000e48                runtime_init_per_core_irq_priorities
 .text.irq_set_enabled
                0x10000e68       0x2c CMakeFiles/pico_shark.dir/home/arch/pico/pico-sdk/src/rp2_common/hardware_irq/irq.c.o
                0x10000e68                irq_set_enabled
 .text.irq_is_enabled
                0x10000e94       0x20 CMakeFiles/pico_shark.dir/home/arch/pico/pico-sdk/src/rp2_common/hardware_irq/irq.c.o
                0x10000e94                irq_is_enabled
 .text.irq_set_pending
                0x10000eb4       0x18 CMakeFiles/pico_shark.dir/home/arch/pico/pico-sdk/src/rp2_common/hardware_irq/irq.c.o
                0x10000eb4                irq_set_pending
 .text.irq_has_shared_handler
                0x10000ecc       0x20 CMakeFiles/pico_shark.dir/home/arch/pico/pico-sdk/src/rp2_common/hardware_irq/irq.c.o
                0x10000ecc                irq_has_shared_handler
 .text.irq_set_exclusive_handler
                0x10000eec       0x60 CMakeFiles/pico_shark.dir/home/arch/pico/pico-sdk/src/rp2_common/hardware_irq/irq.c.o
                0x10000eec                irq_set_exclusive_handler
 .text.irq_add_shared_handler
                0x10000f4c      0x1e8 CMakeFiles/pico_shark.dir/home/arch/pico/pico-sdk/src/rp2_common/hardware_irq/irq.c.o
                0x10000f4c                irq_add_shared_handler
 .text.irq_remove_handler
                0x10001134      0x1f4 CMakeFiles/pico_shark.dir/home/arch/pico/pico-sdk/src/rp2_common/hardware_irq/irq.c.o
                0x10001134                irq_remove_handler
 .text.irq_add_tail_to_free_list
                0x10001328       0xa8 CMakeFiles/pico_shark.dir/home/arch/pico/pico-sdk/src/rp2_common/hardware_irq/irq.c.o
                0x10001328                irq_add_tail_to_free_list
 .text.user_irq_claim_unused
                0x100013d0       0x28 CMakeFiles/pico_shark.dir/home/arch/pico/pico-sdk/src/rp2_common/hardware_irq/irq.c.o
                0x100013d0                user_irq_claim_unused
 .text.lock_init
                0x100013f8        0xc CMakeFiles/pico_shark.dir/home/arch/pico/pico-sdk/src/common/pico_sync/lock_core.c.o
                0x100013f8                lock_init
 .text.runtime_init_mutex
                0x10001404       0x50 CMakeFiles/pico_shark.dir/home/arch/pico/pico-sdk/src/common/pico_sync/mutex.c.o
                0x10001404                runtime_init_mutex
 .text.mutex_init
                0x10001454       0x1c CMakeFiles/pico_shark.dir/home/arch/pico/pico-sdk/src/common/pico_sync/mutex.c.o
                0x10001454                mutex_init
 .text.critical_section_init
                0x10001470       0x1c CMakeFiles/pico_shark.dir/home/arch/pico/pico-sdk/src/common/pico_sync/critical_section.c.o
                0x10001470                critical_section_init
 .text.critical_section_init_with_lock_num
                0x1000148c       0x10 CMakeFiles/pico_shark.dir/home/arch/pico/pico-sdk/src/common/pico_sync/critical_section.c.o
                0x1000148c                critical_section_init_with_lock_num
 .text.sleep_until_callback
                0x1000149c       0x3c CMakeFiles/pico_shark.dir/home/arch/pico/pico-sdk/src/common/pico_time/time.c.o
 .text.alarm_pool_irq_handler
                0x100014d8      0x2e8 CMakeFiles/pico_shark.dir/home/arch/pico/pico-sdk/src/common/pico_time/time.c.o
 .text.runtime_init_default_alarm_pool
                0x100017c0       0xa0 CMakeFiles/pico_shark.dir/home/arch/pico/pico-sdk/src/common/pico_time/time.c.o
                0x100017c0                runtime_init_default_alarm_pool
 .text.alarm_pool_get_default
                0x10001860        0x8 CMakeFiles/pico_shark.dir/home/arch/pico/pico-sdk/src/common/pico_time/time.c.o
                0x10001860                alarm_pool_get_default
 .text.alarm_pool_add_alarm_at_force_in_context
                0x10001868       0xc8 CMakeFiles/pico_shark.dir/home/arch/pico/pico-sdk/src/common/pico_time/time.c.o
                0x10001868                alarm_pool_add_alarm_at_force_in_context
 .text.alarm_pool_add_alarm_at
                0x10001930       0x40 CMakeFiles/pico_shark.dir/home/arch/pico/pico-sdk/src/common/pico_time/time.c.o
                0x10001930                alarm_pool_add_alarm_at
 .text.alarm_pool_cancel_alarm
                0x10001970       0x80 CMakeFiles/pico_shark.dir/home/arch/pico/pico-sdk/src/common/pico_time/time.c.o
                0x10001970                alarm_pool_cancel_alarm
 .text.alarm_pool_core_num
                0x100019f0        0x4 CMakeFiles/pico_shark.dir/home/arch/pico/pico-sdk/src/common/pico_time/time.c.o
                0x100019f0                alarm_pool_core_num
 .text.sleep_until
                0x100019f4       0xbc CMakeFiles/pico_shark.dir/home/arch/pico/pico-sdk/src/common/pico_time/time.c.o
                0x100019f4                sleep_until
 .text.sleep_ms
                0x10001ab0       0x2c CMakeFiles/pico_shark.dir/home/arch/pico/pico-sdk/src/common/pico_time/time.c.o
                0x10001ab0                sleep_ms
 .text.best_effort_wfe_or_timeout
                0x10001adc       0xd4 CMakeFiles/pico_shark.dir/home/arch/pico/pico-sdk/src/common/pico_time/time.c.o
                0x10001adc                best_effort_wfe_or_timeout
 .text.timer_hardware_alarm_claim
                0x10001bb0       0x24 CMakeFiles/pico_shark.dir/home/arch/pico/pico-sdk/src/rp2_common/hardware_timer/timer.c.o
                0x10001bb0                timer_hardware_alarm_claim
 .text.timer_time_us_64
                0x10001bd4       0x10 CMakeFiles/pico_shark.dir/home/arch/pico/pico-sdk/src/rp2_common/hardware_timer/timer.c.o
                0x10001bd4                timer_time_us_64
 .text.time_us_64
                0x10001be4       0x14 CMakeFiles/pico_shark.dir/home/arch/pico/pico-sdk/src/rp2_common/hardware_timer/timer.c.o
                0x10001be4                time_us_64
 .text.busy_wait_us
                0x10001bf8       0x64 CMakeFiles/pico_shark.dir/home/arch/pico/pico-sdk/src/rp2_common/hardware_timer/timer.c.o
                0x10001bf8                busy_wait_us
 .text.busy_wait_until
                0x10001c5c       0x24 CMakeFiles/pico_shark.dir/home/arch/pico/pico-sdk/src/rp2_common/hardware_timer/timer.c.o
                0x10001c5c                busy_wait_until
 .text.uart_set_baudrate
                0x10001c80       0x9c CMakeFiles/pico_shark.dir/home/arch/pico/pico-sdk/src/rp2_common/hardware_uart/uart.c.o
                0x10001c80                uart_set_baudrate
 .text.uart_init
                0x10001d1c       0x80 CMakeFiles/pico_shark.dir/home/arch/pico/pico-sdk/src/rp2_common/hardware_uart/uart.c.o
                0x10001d1c                uart_init
 .text.clock_configure_internal
                0x10001d9c       0xcc CMakeFiles/pico_shark.dir/home/arch/pico/pico-sdk/src/rp2_common/hardware_clocks/clocks.c.o
 .text.clock_configure_undivided
                0x10001e68       0x14 CMakeFiles/pico_shark.dir/home/arch/pico/pico-sdk/src/rp2_common/hardware_clocks/clocks.c.o
                0x10001e68                clock_configure_undivided
 .text.clock_get_hz
                0x10001e7c        0xc CMakeFiles/pico_shark.dir/home/arch/pico/pico-sdk/src/rp2_common/hardware_clocks/clocks.c.o
                0x10001e7c                clock_get_hz
 .text.pll_init
                0x10001e88       0x8c CMakeFiles/pico_shark.dir/home/arch/pico/pico-sdk/src/rp2_common/hardware_pll/pll.c.o
                0x10001e88                pll_init
 .text.watchdog_reboot
                0x10001f14       0x98 CMakeFiles/pico_shark.dir/home/arch/pico/pico-sdk/src/rp2_common/hardware_watchdog/watchdog.c.o
                0x10001f14                watchdog_reboot
 .text.tick_start
                0x10001fac       0x18 CMakeFiles/pico_shark.dir/home/arch/pico/pico-sdk/src/rp2_common/hardware_ticks/ticks.c.o
                0x10001fac                tick_start
 .text.rom_reboot.constprop.0.isra.0
                0x10001fc4       0x34 CMakeFiles/pico_shark.dir/home/arch/pico/pico-sdk/src/rp2_common/pico_bootrom/bootrom.c.o
 .text.rom_func_lookup
                0x10001ff8       0x18 CMakeFiles/pico_shark.dir/home/arch/pico/pico-sdk/src/rp2_common/pico_bootrom/bootrom.c.o
                0x10001ff8                rom_func_lookup
 .text.rom_reset_usb_boot_extra
                0x10002010       0x1c CMakeFiles/pico_shark.dir/home/arch/pico/pico-sdk/src/rp2_common/pico_bootrom/bootrom.c.o
                0x10002010                rom_reset_usb_boot_extra
 .text.runtime_init_bootrom_locking_enable
                0x1000202c       0x14 CMakeFiles/pico_shark.dir/home/arch/pico/pico-sdk/src/rp2_common/pico_bootrom/bootrom_lock.c.o
                0x1000202c                runtime_init_bootrom_locking_enable
 .text.runtime_init_boot_locks_reset
                0x10002040       0x1c CMakeFiles/pico_shark.dir/home/arch/pico/pico-sdk/src/rp2_common/hardware_boot_lock/boot_lock.c.o
                0x10002040                runtime_init_boot_locks_reset
 .text.xosc_init
                0x1000205c       0x30 CMakeFiles/pico_shark.dir/home/arch/pico/pico-sdk/src/rp2_common/hardware_xosc/xosc.c.o
                0x1000205c                xosc_init
 .text.first_per_core_initializer
                0x1000208c        0x4 CMakeFiles/pico_shark.dir/home/arch/pico/pico-sdk/src/rp2_common/pico_runtime/runtime.c.o
 .text.hard_assertion_failure
                0x10002090        0xc CMakeFiles/pico_shark.dir/home/arch/pico/pico-sdk/src/rp2_common/pico_runtime/runtime.c.o
                0x10002090                hard_assertion_failure
 .text.runtime_run_initializers
                0x1000209c       0x20 CMakeFiles/pico_shark.dir/home/arch/pico/pico-sdk/src/rp2_common/pico_runtime/runtime.c.o
                0x1000209c                runtime_run_initializers
 .text.runtime_init_early_resets
                0x100020bc       0x34 CMakeFiles/pico_shark.dir/home/arch/pico/pico-sdk/src/rp2_common/pico_runtime_init/runtime_init.c.o
                0x100020bc                runtime_init_early_resets
 .text.runtime_init_usb_power_down
                0x100020f0       0x1c CMakeFiles/pico_shark.dir/home/arch/pico/pico-sdk/src/rp2_common/pico_runtime_init/runtime_init.c.o
                0x100020f0                runtime_init_usb_power_down
 .text.runtime_init_per_core_enable_coprocessors
                0x1000210c       0x1c CMakeFiles/pico_shark.dir/home/arch/pico/pico-sdk/src/rp2_common/pico_runtime_init/runtime_init.c.o
                0x1000210c                runtime_init_per_core_enable_coprocessors
 .text.runtime_init_post_clock_resets
                0x10002128       0x20 CMakeFiles/pico_shark.dir/home/arch/pico/pico-sdk/src/rp2_common/pico_runtime_init/runtime_init.c.o
                0x10002128                runtime_init_post_clock_resets
 .text.runtime_init_bootrom_reset
                0x10002148       0x14 CMakeFiles/pico_shark.dir/home/arch/pico/pico-sdk/src/rp2_common/pico_runtime_init/runtime_init.c.o
                0x10002148                runtime_init_bootrom_reset
 .text.runtime_init_per_core_bootrom_reset
                0x1000215c       0x14 CMakeFiles/pico_shark.dir/home/arch/pico/pico-sdk/src/rp2_common/pico_runtime_init/runtime_init.c.o
                0x1000215c                runtime_init_per_core_bootrom_reset
 .text.runtime_init_spin_locks_reset
                0x10002170        0x4 CMakeFiles/pico_shark.dir/home/arch/pico/pico-sdk/src/rp2_common/pico_runtime_init/runtime_init.c.o
                0x10002170                runtime_init_spin_locks_reset
 .text.runtime_init_install_ram_vector_table
                0x10002174       0x4c CMakeFiles/pico_shark.dir/home/arch/pico/pico-sdk/src/rp2_common/pico_runtime_init/runtime_init.c.o
                0x10002174                runtime_init_install_ram_vector_table
 .text.runtime_init_clocks
                0x100021c0       0xdc CMakeFiles/pico_shark.dir/home/arch/pico/pico-sdk/src/rp2_common/pico_runtime_init/runtime_init_clocks.c.o
                0x100021c0                runtime_init_clocks
 .text.__wrap_free
                0x1000229c        0x4 CMakeFiles/pico_shark.dir/home/arch/pico/pico-sdk/src/rp2_common/pico_malloc/malloc.c.o
                0x1000229c                __wrap_free
 .text._ZdlPvj  0x100022a0        0x4 CMakeFiles/pico_shark.dir/home/arch/pico/pico-sdk/src/rp2_common/pico_cxx_options/new_delete.cpp.o
                0x100022a0                operator delete(void*, unsigned int)
 .text._out_char
                0x100022a4        0x8 CMakeFiles/pico_shark.dir/home/arch/pico/pico-sdk/src/rp2_common/pico_printf/printf.c.o
 .text.weak_raw_vprintf
                0x100022ac       0x30 CMakeFiles/pico_shark.dir/home/arch/pico/pico-sdk/src/rp2_common/pico_printf/printf.c.o
                0x100022ac                weak_raw_vprintf
 .text._exit    0x100022dc        0x4 CMakeFiles/pico_shark.dir/home/arch/pico/pico-sdk/src/rp2_common/pico_clib_interface/newlib_interface.c.o
                0x100022dc                _exit
 .text._sbrk    0x100022e0       0x2c CMakeFiles/pico_shark.dir/home/arch/pico/pico-sdk/src/rp2_common/pico_clib_interface/newlib_interface.c.o
                0x100022e0                _sbrk
 .text.exit     0x1000230c        0x8 CMakeFiles/pico_shark.dir/home/arch/pico/pico-sdk/src/rp2_common/pico_clib_interface/newlib_interface.c.o
                0x1000230c                exit
 .text.runtime_init
                0x10002314       0x24 CMakeFiles/pico_shark.dir/home/arch/pico/pico-sdk/src/rp2_common/pico_clib_interface/newlib_interface.c.o
                0x10002314                runtime_init
 .text.stdio_out_chars_no_crlf
                0x10002338        0x8 CMakeFiles/pico_shark.dir/home/arch/pico/pico-sdk/src/rp2_common/pico_stdio/stdio.c.o
 .text.stdio_out_chars_crlf
                0x10002340       0xac CMakeFiles/pico_shark.dir/home/arch/pico/pico-sdk/src/rp2_common/pico_stdio/stdio.c.o
 .text.stdio_put_string
                0x100023ec       0xc8 CMakeFiles/pico_shark.dir/home/arch/pico/pico-sdk/src/rp2_common/pico_stdio/stdio.c.o
                0x100023ec                stdio_put_string
 .text.stdio_set_driver_enabled
                0x100024b4       0x28 CMakeFiles/pico_shark.dir/home/arch/pico/pico-sdk/src/rp2_common/pico_stdio/stdio.c.o
                0x100024b4                stdio_set_driver_enabled
 .text.stdio_init_all
                0x100024dc       0x10 CMakeFiles/pico_shark.dir/home/arch/pico/pico-sdk/src/rp2_common/pico_stdio/stdio.c.o
                0x100024dc                stdio_init_all
 .text.__wrap_putchar
                0x100024ec       0x20 CMakeFiles/pico_shark.dir/home/arch/pico/pico-sdk/src/rp2_common/pico_stdio/stdio.c.o
                0x100024ec                stdio_putchar
                0x100024ec                __wrap_putchar
 .text.__wrap_puts
                0x1000250c       0x30 CMakeFiles/pico_shark.dir/home/arch/pico/pico-sdk/src/rp2_common/pico_stdio/stdio.c.o
                0x1000250c                __wrap_puts
                0x1000250c                stdio_puts
 .text.stdio_uart_out_chars
                0x1000253c       0x50 CMakeFiles/pico_shark.dir/home/arch/pico/pico-sdk/src/rp2_common/pico_stdio_uart/stdio_uart.c.o
 .text.stdio_uart_in_chars
                0x1000258c       0x94 CMakeFiles/pico_shark.dir/home/arch/pico/pico-sdk/src/rp2_common/pico_stdio_uart/stdio_uart.c.o
                0x1000258c                stdio_uart_in_chars
 .text.on_uart_rx
                0x10002620       0x24 CMakeFiles/pico_shark.dir/home/arch/pico/pico-sdk/src/rp2_common/pico_stdio_uart/stdio_uart.c.o
 .text.stdio_uart_out_flush
                0x10002644       0x10 CMakeFiles/pico_shark.dir/home/arch/pico/pico-sdk/src/rp2_common/pico_stdio_uart/stdio_uart.c.o
 .text.stdio_uart_set_chars_available_callback
                0x10002654       0x88 CMakeFiles/pico_shark.dir/home/arch/pico/pico-sdk/src/rp2_common/pico_stdio_uart/stdio_uart.c.o
 .text.stdio_uart_init
                0x100026dc       0x54 CMakeFiles/pico_shark.dir/home/arch/pico/pico-sdk/src/rp2_common/pico_stdio_uart/stdio_uart.c.o
                0x100026dc                stdio_uart_init
 .text.resetd_init
                0x10002730        0x4 CMakeFiles/pico_shark.dir/home/arch/pico/pico-sdk/src/rp2_common/pico_stdio_usb/reset_interface.c.o
 .text.resetd_reset
                0x10002734        0xc CMakeFiles/pico_shark.dir/home/arch/pico/pico-sdk/src/rp2_common/pico_stdio_usb/reset_interface.c.o
 .text.resetd_open
                0x10002740       0x28 CMakeFiles/pico_shark.dir/home/arch/pico/pico-sdk/src/rp2_common/pico_stdio_usb/reset_interface.c.o
 .text.resetd_xfer_cb
                0x10002768        0x4 CMakeFiles/pico_shark.dir/home/arch/pico/pico-sdk/src/rp2_common/pico_stdio_usb/reset_interface.c.o
 .text.resetd_control_xfer_cb
                0x1000276c       0x50 CMakeFiles/pico_shark.dir/home/arch/pico/pico-sdk/src/rp2_common/pico_stdio_usb/reset_interface.c.o
 .text.tud_descriptor_bos_cb
                0x100027bc        0x8 CMakeFiles/pico_shark.dir/home/arch/pico/pico-sdk/src/rp2_common/pico_stdio_usb/reset_interface.c.o
                0x100027bc                tud_descriptor_bos_cb
 .text.tud_vendor_control_xfer_cb
                0x100027c4       0x28 CMakeFiles/pico_shark.dir/home/arch/pico/pico-sdk/src/rp2_common/pico_stdio_usb/reset_interface.c.o
                0x100027c4                tud_vendor_control_xfer_cb
 .text.usbd_app_driver_get_cb
                0x100027ec       0x10 CMakeFiles/pico_shark.dir/home/arch/pico/pico-sdk/src/rp2_common/pico_stdio_usb/reset_interface.c.o
                0x100027ec                usbd_app_driver_get_cb
 .text.tud_cdc_line_coding_cb
                0x100027fc       0x18 CMakeFiles/pico_shark.dir/home/arch/pico/pico-sdk/src/rp2_common/pico_stdio_usb/reset_interface.c.o
                0x100027fc                tud_cdc_line_coding_cb
 .text.stdio_usb_set_chars_available_callback
                0x10002814       0x14 CMakeFiles/pico_shark.dir/home/arch/pico/pico-sdk/src/rp2_common/pico_stdio_usb/stdio_usb.c.o
                0x10002814                stdio_usb_set_chars_available_callback
 .text.timer_task
                0x10002828       0x70 CMakeFiles/pico_shark.dir/home/arch/pico/pico-sdk/src/rp2_common/pico_stdio_usb/stdio_usb.c.o
 .text.usb_irq  0x10002898        0xc CMakeFiles/pico_shark.dir/home/arch/pico/pico-sdk/src/rp2_common/pico_stdio_usb/stdio_usb.c.o
 .text.stdio_usb_in_chars
                0x100028a4       0x88 CMakeFiles/pico_shark.dir/home/arch/pico/pico-sdk/src/rp2_common/pico_stdio_usb/stdio_usb.c.o
                0x100028a4                stdio_usb_in_chars
 .text.stdio_usb_out_flush
                0x1000292c       0x54 CMakeFiles/pico_shark.dir/home/arch/pico/pico-sdk/src/rp2_common/pico_stdio_usb/stdio_usb.c.o
 .text.stdio_usb_out_chars
                0x10002980       0xf4 CMakeFiles/pico_shark.dir/home/arch/pico/pico-sdk/src/rp2_common/pico_stdio_usb/stdio_usb.c.o
 .text.low_priority_worker_irq
                0x10002a74       0xd8 CMakeFiles/pico_shark.dir/home/arch/pico/pico-sdk/src/rp2_common/pico_stdio_usb/stdio_usb.c.o
 .text.stdio_usb_init
                0x10002b4c       0xe8 CMakeFiles/pico_shark.dir/home/arch/pico/pico-sdk/src/rp2_common/pico_stdio_usb/stdio_usb.c.o
                0x10002b4c                stdio_usb_init
 .text.tud_descriptor_device_cb
                0x10002c34        0x8 CMakeFiles/pico_shark.dir/home/arch/pico/pico-sdk/src/rp2_common/pico_stdio_usb/stdio_usb_descriptors.c.o
                0x10002c34                tud_descriptor_device_cb
 .text.tud_descriptor_configuration_cb
                0x10002c3c        0x8 CMakeFiles/pico_shark.dir/home/arch/pico/pico-sdk/src/rp2_common/pico_stdio_usb/stdio_usb_descriptors.c.o
                0x10002c3c                tud_descriptor_configuration_cb
 .text.tud_descriptor_string_cb
                0x10002c44       0x70 CMakeFiles/pico_shark.dir/home/arch/pico/pico-sdk/src/rp2_common/pico_stdio_usb/stdio_usb_descriptors.c.o
                0x10002c44                tud_descriptor_string_cb
 .text.startup._retrieve_unique_id_on_boot
                0x10002cb4       0x34 CMakeFiles/pico_shark.dir/home/arch/pico/pico-sdk/src/rp2_common/pico_unique_id/unique_id.c.o
 .text.pico_get_unique_board_id_string
                0x10002ce8       0x58 CMakeFiles/pico_shark.dir/home/arch/pico/pico-sdk/src/rp2_common/pico_unique_id/unique_id.c.o
                0x10002ce8                pico_get_unique_board_id_string
 .text.hw_endpoint_init
                0x10002d40       0x88 CMakeFiles/pico_shark.dir/home/arch/pico/pico-sdk/lib/tinyusb/src/portable/raspberrypi/rp2040/dcd_rp2040.c.o
 .text.dcd_init
                0x10002dc8       0x8c CMakeFiles/pico_shark.dir/home/arch/pico/pico-sdk/lib/tinyusb/src/portable/raspberrypi/rp2040/dcd_rp2040.c.o
                0x10002dc8                dcd_init
 .text.dcd_int_enable
                0x10002e54        0x8 CMakeFiles/pico_shark.dir/home/arch/pico/pico-sdk/lib/tinyusb/src/portable/raspberrypi/rp2040/dcd_rp2040.c.o
                0x10002e54                dcd_int_enable
 .text.dcd_set_address
                0x10002e5c       0x10 CMakeFiles/pico_shark.dir/home/arch/pico/pico-sdk/lib/tinyusb/src/portable/raspberrypi/rp2040/dcd_rp2040.c.o
                0x10002e5c                dcd_set_address
 .text.dcd_sof_enable
                0x10002e6c       0x1c CMakeFiles/pico_shark.dir/home/arch/pico/pico-sdk/lib/tinyusb/src/portable/raspberrypi/rp2040/dcd_rp2040.c.o
                0x10002e6c                dcd_sof_enable
 .text.dcd_edpt0_status_complete
                0x10002e88       0x1c CMakeFiles/pico_shark.dir/home/arch/pico/pico-sdk/lib/tinyusb/src/portable/raspberrypi/rp2040/dcd_rp2040.c.o
                0x10002e88                dcd_edpt0_status_complete
 .text.dcd_edpt_open
                0x10002ea4       0x90 CMakeFiles/pico_shark.dir/home/arch/pico/pico-sdk/lib/tinyusb/src/portable/raspberrypi/rp2040/dcd_rp2040.c.o
                0x10002ea4                dcd_edpt_open
 .text.dcd_edpt_close_all
                0x10002f34        0x4 CMakeFiles/pico_shark.dir/home/arch/pico/pico-sdk/lib/tinyusb/src/portable/raspberrypi/rp2040/dcd_rp2040.c.o
                0x10002f34                dcd_edpt_close_all
 .text.dcd_edpt_xfer
                0x10002f38       0x28 CMakeFiles/pico_shark.dir/home/arch/pico/pico-sdk/lib/tinyusb/src/portable/raspberrypi/rp2040/dcd_rp2040.c.o
                0x10002f38                dcd_edpt_xfer
 .text.dcd_edpt_stall
                0x10002f60       0x30 CMakeFiles/pico_shark.dir/home/arch/pico/pico-sdk/lib/tinyusb/src/portable/raspberrypi/rp2040/dcd_rp2040.c.o
                0x10002f60                dcd_edpt_stall
 .text.dcd_edpt_clear_stall
                0x10002f90       0x24 CMakeFiles/pico_shark.dir/home/arch/pico/pico-sdk/lib/tinyusb/src/portable/raspberrypi/rp2040/dcd_rp2040.c.o
                0x10002f90                dcd_edpt_clear_stall
 .text.rp2040_usb_init
                0x10002fb4       0x40 CMakeFiles/pico_shark.dir/home/arch/pico/pico-sdk/lib/tinyusb/src/portable/raspberrypi/rp2040/rp2040_usb.c.o
                0x10002fb4                rp2040_usb_init
 .text.hw_endpoint_xfer_start
                0x10002ff4       0x40 CMakeFiles/pico_shark.dir/home/arch/pico/pico-sdk/lib/tinyusb/src/portable/raspberrypi/rp2040/rp2040_usb.c.o
                0x10002ff4                hw_endpoint_xfer_start
 .text.configuration_reset
                0x10003034       0x8c CMakeFiles/pico_shark.dir/home/arch/pico/pico-sdk/lib/tinyusb/src/device/usbd.c.o
 .text.tud_event_hook_cb
                0x100030c0        0x4 CMakeFiles/pico_shark.dir/home/arch/pico/pico-sdk/lib/tinyusb/src/device/usbd.c.o
                0x100030c0                tud_event_hook_cb
 .text.tud_sof_cb
                0x100030c4        0x4 CMakeFiles/pico_shark.dir/home/arch/pico/pico-sdk/lib/tinyusb/src/device/usbd.c.o
                0x100030c4                tud_sof_cb
 .text.tud_descriptor_device_qualifier_cb
                0x100030c8        0x4 CMakeFiles/pico_shark.dir/home/arch/pico/pico-sdk/lib/tinyusb/src/device/usbd.c.o
                0x100030c8                tud_descriptor_device_qualifier_cb
 .text.tud_descriptor_other_speed_configuration_cb
                0x100030cc        0x4 CMakeFiles/pico_shark.dir/home/arch/pico/pico-sdk/lib/tinyusb/src/device/usbd.c.o
                0x100030cc                tud_descriptor_other_speed_configuration_cb
 .text.tud_mount_cb
                0x100030d0        0x4 CMakeFiles/pico_shark.dir/home/arch/pico/pico-sdk/lib/tinyusb/src/device/usbd.c.o
                0x100030d0                tud_mount_cb
 .text.tud_umount_cb
                0x100030d4        0x4 CMakeFiles/pico_shark.dir/home/arch/pico/pico-sdk/lib/tinyusb/src/device/usbd.c.o
                0x100030d4                tud_umount_cb
 .text.tud_suspend_cb
                0x100030d8        0x4 CMakeFiles/pico_shark.dir/home/arch/pico/pico-sdk/lib/tinyusb/src/device/usbd.c.o
                0x100030d8                tud_suspend_cb
 .text.tud_resume_cb
                0x100030dc        0x4 CMakeFiles/pico_shark.dir/home/arch/pico/pico-sdk/lib/tinyusb/src/device/usbd.c.o
                0x100030dc                tud_resume_cb
 .text.tud_mounted
                0x100030e0       0x10 CMakeFiles/pico_shark.dir/home/arch/pico/pico-sdk/lib/tinyusb/src/device/usbd.c.o
                0x100030e0                tud_mounted
 .text.tud_suspended
                0x100030f0       0x10 CMakeFiles/pico_shark.dir/home/arch/pico/pico-sdk/lib/tinyusb/src/device/usbd.c.o
                0x100030f0                tud_suspended
 .text.tud_rhport_init
                0x10003100       0xf4 CMakeFiles/pico_shark.dir/home/arch/pico/pico-sdk/lib/tinyusb/src/device/usbd.c.o
                0x10003100                tud_rhport_init
 .text.tud_task_ext
                0x100031f4      0x784 CMakeFiles/pico_shark.dir/home/arch/pico/pico-sdk/lib/tinyusb/src/device/usbd.c.o
                0x100031f4                tud_task_ext
 .text.usbd_edpt_open
                0x10003978       0x44 CMakeFiles/pico_shark.dir/home/arch/pico/pico-sdk/lib/tinyusb/src/device/usbd.c.o
                0x10003978                usbd_edpt_open
 .text.usbd_open_edpt_pair
                0x100039bc       0x68 CMakeFiles/pico_shark.dir/home/arch/pico/pico-sdk/lib/tinyusb/src/device/usbd.c.o
                0x100039bc                usbd_open_edpt_pair
 .text.usbd_edpt_claim
                0x10003a24       0x24 CMakeFiles/pico_shark.dir/home/arch/pico/pico-sdk/lib/tinyusb/src/device/usbd.c.o
                0x10003a24                usbd_edpt_claim
 .text.usbd_edpt_release
                0x10003a48       0x24 CMakeFiles/pico_shark.dir/home/arch/pico/pico-sdk/lib/tinyusb/src/device/usbd.c.o
                0x10003a48                usbd_edpt_release
 .text.usbd_edpt_xfer
                0x10003a6c       0x70 CMakeFiles/pico_shark.dir/home/arch/pico/pico-sdk/lib/tinyusb/src/device/usbd.c.o
                0x10003a6c                usbd_edpt_xfer
 .text.data_stage_xact
                0x10003adc       0x84 CMakeFiles/pico_shark.dir/home/arch/pico/pico-sdk/lib/tinyusb/src/device/usbd_control.c.o
 .text.tud_control_status
                0x10003b60       0x34 CMakeFiles/pico_shark.dir/home/arch/pico/pico-sdk/lib/tinyusb/src/device/usbd_control.c.o
                0x10003b60                tud_control_status
 .text.tud_control_xfer
                0x10003b94       0x64 CMakeFiles/pico_shark.dir/home/arch/pico/pico-sdk/lib/tinyusb/src/device/usbd_control.c.o
                0x10003b94                tud_control_xfer
 .text.usbd_control_reset
                0x10003bf8       0x14 CMakeFiles/pico_shark.dir/home/arch/pico/pico-sdk/lib/tinyusb/src/device/usbd_control.c.o
                0x10003bf8                usbd_control_reset
 .text.usbd_control_set_complete_callback
                0x10003c0c        0xc CMakeFiles/pico_shark.dir/home/arch/pico/pico-sdk/lib/tinyusb/src/device/usbd_control.c.o
                0x10003c0c                usbd_control_set_complete_callback
 .text.usbd_control_set_request
                0x10003c18       0x1c CMakeFiles/pico_shark.dir/home/arch/pico/pico-sdk/lib/tinyusb/src/device/usbd_control.c.o
                0x10003c18                usbd_control_set_request
 .text.usbd_control_xfer_cb
                0x10003c34       0xb8 CMakeFiles/pico_shark.dir/home/arch/pico/pico-sdk/lib/tinyusb/src/device/usbd_control.c.o
                0x10003c34                usbd_control_xfer_cb
 .text._prep_out_transaction.isra.0
                0x10003cec       0x74 CMakeFiles/pico_shark.dir/home/arch/pico/pico-sdk/lib/tinyusb/src/class/cdc/cdc_device.c.o
 .text.tud_cdc_n_connected
                0x10003d60       0x2c CMakeFiles/pico_shark.dir/home/arch/pico/pico-sdk/lib/tinyusb/src/class/cdc/cdc_device.c.o
                0x10003d60                tud_cdc_n_connected
 .text.tud_cdc_n_available
                0x10003d8c       0x14 CMakeFiles/pico_shark.dir/home/arch/pico/pico-sdk/lib/tinyusb/src/class/cdc/cdc_device.c.o
                0x10003d8c                tud_cdc_n_available
 .text.tud_cdc_n_read
                0x10003da0       0x30 CMakeFiles/pico_shark.dir/home/arch/pico/pico-sdk/lib/tinyusb/src/class/cdc/cdc_device.c.o
                0x10003da0                tud_cdc_n_read
 .text.tud_cdc_n_write_flush
                0x10003dd0       0x8c CMakeFiles/pico_shark.dir/home/arch/pico/pico-sdk/lib/tinyusb/src/class/cdc/cdc_device.c.o
                0x10003dd0                tud_cdc_n_write_flush
 .text.tud_cdc_n_write
                0x10003e5c       0x40 CMakeFiles/pico_shark.dir/home/arch/pico/pico-sdk/lib/tinyusb/src/class/cdc/cdc_device.c.o
                0x10003e5c                tud_cdc_n_write
 .text.tud_cdc_n_write_available
                0x10003e9c       0x14 CMakeFiles/pico_shark.dir/home/arch/pico/pico-sdk/lib/tinyusb/src/class/cdc/cdc_device.c.o
                0x10003e9c                tud_cdc_n_write_available
 .text.cdcd_init
                0x10003eb0       0x70 CMakeFiles/pico_shark.dir/home/arch/pico/pico-sdk/lib/tinyusb/src/class/cdc/cdc_device.c.o
                0x10003eb0                cdcd_init
 .text.cdcd_deinit
                0x10003f20       0x24 CMakeFiles/pico_shark.dir/home/arch/pico/pico-sdk/lib/tinyusb/src/class/cdc/cdc_device.c.o
                0x10003f20                cdcd_deinit
 .text.cdcd_reset
                0x10003f44       0x4c CMakeFiles/pico_shark.dir/home/arch/pico/pico-sdk/lib/tinyusb/src/class/cdc/cdc_device.c.o
                0x10003f44                cdcd_reset
 .text.cdcd_open
                0x10003f90       0xb8 CMakeFiles/pico_shark.dir/home/arch/pico/pico-sdk/lib/tinyusb/src/class/cdc/cdc_device.c.o
                0x10003f90                cdcd_open
 .text.cdcd_control_xfer_cb
                0x10004048       0xc0 CMakeFiles/pico_shark.dir/home/arch/pico/pico-sdk/lib/tinyusb/src/class/cdc/cdc_device.c.o
                0x10004048                cdcd_control_xfer_cb
 .text.cdcd_xfer_cb
                0x10004108       0xf8 CMakeFiles/pico_shark.dir/home/arch/pico/pico-sdk/lib/tinyusb/src/class/cdc/cdc_device.c.o
                0x10004108                cdcd_xfer_cb
 .text.vendord_init
                0x10004200       0x5c CMakeFiles/pico_shark.dir/home/arch/pico/pico-sdk/lib/tinyusb/src/class/vendor/vendor_device.c.o
                0x10004200                vendord_init
 .text.vendord_deinit
                0x1000425c       0x1c CMakeFiles/pico_shark.dir/home/arch/pico/pico-sdk/lib/tinyusb/src/class/vendor/vendor_device.c.o
                0x1000425c                vendord_deinit
 .text.vendord_reset
                0x10004278       0x24 CMakeFiles/pico_shark.dir/home/arch/pico/pico-sdk/lib/tinyusb/src/class/vendor/vendor_device.c.o
                0x10004278                vendord_reset
 .text.vendord_open
                0x1000429c       0xf4 CMakeFiles/pico_shark.dir/home/arch/pico/pico-sdk/lib/tinyusb/src/class/vendor/vendor_device.c.o
                0x1000429c                vendord_open
 .text.vendord_xfer_cb
                0x10004390       0x88 CMakeFiles/pico_shark.dir/home/arch/pico/pico-sdk/lib/tinyusb/src/class/vendor/vendor_device.c.o
                0x10004390                vendord_xfer_cb
 .text.tusb_rhport_init
                0x10004418       0x64 CMakeFiles/pico_shark.dir/home/arch/pico/pico-sdk/lib/tinyusb/src/tusb.c.o
                0x10004418                tusb_rhport_init
 .text.tu_edpt_claim
                0x1000447c       0x54 CMakeFiles/pico_shark.dir/home/arch/pico/pico-sdk/lib/tinyusb/src/tusb.c.o
                0x1000447c                tu_edpt_claim
 .text.tu_edpt_release
                0x100044d0       0x38 CMakeFiles/pico_shark.dir/home/arch/pico/pico-sdk/lib/tinyusb/src/tusb.c.o
                0x100044d0                tu_edpt_release
 .text.tu_edpt_validate
                0x10004508       0x60 CMakeFiles/pico_shark.dir/home/arch/pico/pico-sdk/lib/tinyusb/src/tusb.c.o
                0x10004508                tu_edpt_validate
 .text.tu_edpt_bind_driver
                0x10004568       0x58 CMakeFiles/pico_shark.dir/home/arch/pico/pico-sdk/lib/tinyusb/src/tusb.c.o
                0x10004568                tu_edpt_bind_driver
 .text.tu_edpt_stream_init
                0x100045c0       0x58 CMakeFiles/pico_shark.dir/home/arch/pico/pico-sdk/lib/tinyusb/src/tusb.c.o
                0x100045c0                tu_edpt_stream_init
 .text.tu_edpt_stream_deinit
                0x10004618        0x4 CMakeFiles/pico_shark.dir/home/arch/pico/pico-sdk/lib/tinyusb/src/tusb.c.o
                0x10004618                tu_edpt_stream_deinit
 .text.tu_edpt_stream_write_zlp_if_needed
                0x1000461c       0x68 CMakeFiles/pico_shark.dir/home/arch/pico/pico-sdk/lib/tinyusb/src/tusb.c.o
                0x1000461c                tu_edpt_stream_write_zlp_if_needed
 .text.tu_edpt_stream_write_xfer
                0x10004684       0x70 CMakeFiles/pico_shark.dir/home/arch/pico/pico-sdk/lib/tinyusb/src/tusb.c.o
                0x10004684                tu_edpt_stream_write_xfer
 .text.tu_edpt_stream_read_xfer
                0x100046f4       0xc4 CMakeFiles/pico_shark.dir/home/arch/pico/pico-sdk/lib/tinyusb/src/tusb.c.o
                0x100046f4                tu_edpt_stream_read_xfer
 .text._tu_fifo_peek
                0x100047b8       0x58 CMakeFiles/pico_shark.dir/home/arch/pico/pico-sdk/lib/tinyusb/src/common/tusb_fifo.c.o
 .text._tu_fifo_peek_n.constprop.0
                0x10004810       0x98 CMakeFiles/pico_shark.dir/home/arch/pico/pico-sdk/lib/tinyusb/src/common/tusb_fifo.c.o
 .text.tu_fifo_config
                0x100048a8       0x60 CMakeFiles/pico_shark.dir/home/arch/pico/pico-sdk/lib/tinyusb/src/common/tusb_fifo.c.o
                0x100048a8                tu_fifo_config
 .text.tu_fifo_count
                0x10004908       0x20 CMakeFiles/pico_shark.dir/home/arch/pico/pico-sdk/lib/tinyusb/src/common/tusb_fifo.c.o
                0x10004908                tu_fifo_count
 .text.tu_fifo_empty
                0x10004928       0x14 CMakeFiles/pico_shark.dir/home/arch/pico/pico-sdk/lib/tinyusb/src/common/tusb_fifo.c.o
                0x10004928                tu_fifo_empty
 .text.tu_fifo_remaining
                0x1000493c       0x24 CMakeFiles/pico_shark.dir/home/arch/pico/pico-sdk/lib/tinyusb/src/common/tusb_fifo.c.o
                0x1000493c                tu_fifo_remaining
 .text.tu_fifo_read
                0x10004960       0x50 CMakeFiles/pico_shark.dir/home/arch/pico/pico-sdk/lib/tinyusb/src/common/tusb_fifo.c.o
                0x10004960                tu_fifo_read
 .text.tu_fifo_read_n
                0x100049b0       0x5c CMakeFiles/pico_shark.dir/home/arch/pico/pico-sdk/lib/tinyusb/src/common/tusb_fifo.c.o
                0x100049b0                tu_fifo_read_n
 .text.tu_fifo_write
                0x10004a0c       0xa4 CMakeFiles/pico_shark.dir/home/arch/pico/pico-sdk/lib/tinyusb/src/common/tusb_fifo.c.o
                0x10004a0c                tu_fifo_write
 .text.tu_fifo_write_n
                0x10004ab0      0x15c CMakeFiles/pico_shark.dir/home/arch/pico/pico-sdk/lib/tinyusb/src/common/tusb_fifo.c.o
                0x10004ab0                tu_fifo_write_n
 .text.tu_fifo_clear
                0x10004c0c       0x38 CMakeFiles/pico_shark.dir/home/arch/pico/pico-sdk/lib/tinyusb/src/common/tusb_fifo.c.o
                0x10004c0c                tu_fifo_clear
 .text.tu_fifo_set_overwritable
                0x10004c44       0x3c CMakeFiles/pico_shark.dir/home/arch/pico/pico-sdk/lib/tinyusb/src/common/tusb_fifo.c.o
                0x10004c44                tu_fifo_set_overwritable
 .text.spi_set_baudrate
                0x10004c80       0x98 CMakeFiles/pico_shark.dir/home/arch/pico/pico-sdk/src/rp2_common/hardware_spi/spi.c.o
                0x10004c80                spi_set_baudrate
 .text.spi_init
                0x10004d18       0x70 CMakeFiles/pico_shark.dir/home/arch/pico/pico-sdk/src/rp2_common/hardware_spi/spi.c.o
                0x10004d18                spi_init
 .text          0x10004d88     0x10f4 lib/liblvgl.a(lv_obj.c.o)
                0x10005ba4                lv_is_initialized
                0x10005bb0                lv_init
                0x10005c08                lv_deinit
                0x10005c24                lv_obj_create
                0x10005c3c                lv_obj_add_flag
                0x10005cd4                lv_obj_clear_flag
                0x10005d54                lv_obj_add_state
                0x10005d68                lv_obj_clear_state
                0x10005d7c                lv_obj_has_flag
                0x10005d88                lv_obj_has_flag_any
                0x10005d94                lv_obj_get_state
                0x10005d98                lv_obj_has_state
                0x10005da4                lv_obj_get_group
                0x10005dac                lv_obj_allocate_spec_attr
                0x10005de4                lv_obj_check_type
                0x10005df4                lv_obj_has_class
                0x10005e08                lv_obj_get_class
                0x10005e0c                lv_obj_is_valid
 .text          0x10005e7c      0x288 lib/liblvgl.a(lv_obj_class.c.o)
                0x10005ee0                lv_obj_class_create_obj
                0x10005fc8                lv_obj_class_init_obj
                0x100060a0                _lv_obj_destruct
                0x100060c4                lv_obj_is_editable
                0x100060e4                lv_obj_is_group_def
 .text          0x10006104      0x738 lib/liblvgl.a(lv_obj_draw.c.o)
                0x10006104                lv_obj_init_draw_rect_dsc
                0x10006400                lv_obj_init_draw_label_dsc
                0x100064b0                lv_obj_init_draw_img_dsc
                0x1000656c                lv_obj_init_draw_line_dsc
                0x10006624                lv_obj_init_draw_arc_dsc
                0x100066c4                lv_obj_calculate_ext_draw_size
                0x10006798                lv_obj_draw_dsc_init
                0x100067a8                lv_obj_draw_part_check_type
                0x100067c0                lv_obj_refresh_ext_draw_size
                0x10006824                _lv_obj_get_ext_draw_size
                0x10006830                _lv_obj_get_layer_type
 .text          0x1000683c     0x276c lib/liblvgl.a(lv_obj_pos.c.o)
                0x10006950                lv_obj_set_pos
                0x100069a8                lv_obj_set_x
                0x100069d8                lv_obj_set_y
                0x10006a08                lv_obj_set_size
                0x10006a60                lv_obj_set_width
                0x10006a90                lv_obj_set_height
                0x10006ac0                lv_obj_set_content_width
                0x10006b1c                lv_obj_set_content_height
                0x10006b7c                lv_obj_set_layout
                0x10006bb8                lv_obj_is_layout_positioned
                0x10006bec                lv_obj_mark_layout_as_dirty
                0x10006c1c                lv_layout_register
                0x10006c58                lv_obj_set_align
                0x10006c60                lv_obj_align
                0x10006cc0                lv_obj_get_coords
                0x10006ccc                lv_obj_get_x
                0x10006d10                lv_obj_get_x2
                0x10006d60                lv_obj_get_y
                0x10006da4                lv_obj_get_y2
                0x10006df4                lv_obj_get_x_aligned
                0x10006e04                lv_obj_get_y_aligned
                0x10006e14                lv_obj_get_width
                0x10006e20                lv_obj_get_height
                0x10006e2c                lv_obj_get_content_width
                0x10006e68                lv_obj_get_content_height
                0x10006ea4                lv_obj_get_content_coords
                0x10006f08                lv_obj_get_self_width
                0x10006f28                lv_obj_get_self_height
                0x10006f44                lv_obj_refresh_self_size
                0x10006fa0                lv_obj_move_children_by
                0x1000733c                lv_obj_transform_point
                0x100073d8                lv_obj_get_transformed_area
                0x10007778                lv_obj_area_is_visible
                0x10007874                lv_obj_invalidate_area
                0x100078b0                lv_obj_invalidate
                0x10007924                lv_obj_move_to
                0x10007af0                lv_obj_refr_pos
                0x10007e48                lv_obj_refr_size
                0x10008704                lv_obj_align_to
                0x10008c84                lv_obj_update_layout
                0x10008d64                lv_obj_is_visible
                0x10008da8                lv_obj_set_ext_click_area
                0x10008db8                lv_obj_get_click_area
                0x10008e00                lv_obj_hit_test
                0x10008e98                lv_clamp_width
                0x10008f20                lv_clamp_height
 .text          0x10008fa8     0x2058 lib/liblvgl.a(lv_obj_scroll.c.o)
                0x100091d0                lv_obj_set_scrollbar_mode
                0x100091f8                lv_obj_set_scroll_dir
                0x10009218                lv_obj_set_scroll_snap_x
                0x10009230                lv_obj_set_scroll_snap_y
                0x10009248                lv_obj_get_scrollbar_mode
                0x10009258                lv_obj_get_scroll_dir
                0x10009268                lv_obj_get_scroll_snap_x
                0x10009274                lv_obj_get_scroll_snap_y
                0x10009280                lv_obj_get_scroll_x
                0x10009290                lv_obj_get_scroll_y
                0x100092a0                lv_obj_get_scroll_top
                0x100092b0                lv_obj_get_scroll_bottom
                0x10009c38                lv_obj_get_scroll_left
                0x10009c60                lv_obj_get_scroll_right
                0x10009c88                lv_obj_get_scroll_end
                0x10009ce4                lv_obj_scroll_by
                0x10009e58                lv_obj_scroll_by_bounded
                0x1000a42c                lv_obj_scroll_to
                0x1000a6f0                lv_obj_scroll_to_x
                0x1000a934                lv_obj_scroll_to_y
                0x1000abd4                lv_obj_scroll_to_view
                0x1000abf8                lv_obj_scroll_to_view_recursive
                0x1000ac34                _lv_obj_scroll_by_raw
                0x1000ac80                lv_obj_is_scrolling
                0x1000acac                lv_obj_update_snap
                0x1000ae38                lv_obj_get_scrollbar_area
                0x1000ae80                lv_obj_scrollbar_invalidate
                0x1000aefc                lv_obj_readjust_scroll
 .text          0x1000b000     0x1990 lib/liblvgl.a(lv_obj_style.c.o)
                0x1000b548                _lv_obj_style_init
                0x1000b554                lv_obj_enable_style_refresh
                0x1000b560                lv_obj_get_style_prop
                0x1000b900                lv_obj_refresh_style
                0x1000b910                lv_obj_add_style
                0x1000bb70                lv_obj_remove_style
                0x1000c268                lv_obj_report_style_change
                0x1000c358                lv_obj_set_local_style_prop
                0x1000c38c                lv_obj_set_local_style_prop_meta
                0x1000c3c0                lv_obj_get_local_style_prop
                0x1000c404                lv_obj_remove_local_style_prop
                0x1000c474                _lv_obj_style_create_transition
                0x1000c5d4                _lv_obj_style_apply_color_filter
                0x1000c60c                _lv_obj_style_state_compare
                0x1000c86c                lv_obj_fade_in
                0x1000c8ac                lv_obj_fade_out
                0x1000c8ec                lv_obj_style_get_selector_state
                0x1000c8f0                lv_obj_style_get_selector_part
                0x1000c8f8                lv_obj_calculate_style_text_align
                0x1000c91c                lv_obj_get_style_opa_recursive
 .text          0x1000c990      0x514 lib/liblvgl.a(lv_obj_style_gen.c.o)
                0x1000c990                lv_obj_set_style_width
                0x1000c99c                lv_obj_set_style_min_width
                0x1000c9a8                lv_obj_set_style_max_width
                0x1000c9b4                lv_obj_set_style_height
                0x1000c9c0                lv_obj_set_style_min_height
                0x1000c9cc                lv_obj_set_style_max_height
                0x1000c9d8                lv_obj_set_style_x
                0x1000c9e4                lv_obj_set_style_y
                0x1000c9f0                lv_obj_set_style_align
                0x1000c9fc                lv_obj_set_style_transform_width
                0x1000ca08                lv_obj_set_style_transform_height
                0x1000ca14                lv_obj_set_style_translate_x
                0x1000ca20                lv_obj_set_style_translate_y
                0x1000ca2c                lv_obj_set_style_transform_zoom
                0x1000ca38                lv_obj_set_style_transform_angle
                0x1000ca44                lv_obj_set_style_transform_pivot_x
                0x1000ca50                lv_obj_set_style_transform_pivot_y
                0x1000ca5c                lv_obj_set_style_pad_top
                0x1000ca68                lv_obj_set_style_pad_bottom
                0x1000ca74                lv_obj_set_style_pad_left
                0x1000ca80                lv_obj_set_style_pad_right
                0x1000ca8c                lv_obj_set_style_pad_row
                0x1000ca98                lv_obj_set_style_pad_column
                0x1000caa4                lv_obj_set_style_bg_color
                0x1000cacc                lv_obj_set_style_bg_opa
                0x1000cad8                lv_obj_set_style_bg_grad_color
                0x1000cb00                lv_obj_set_style_bg_grad_dir
                0x1000cb0c                lv_obj_set_style_bg_main_stop
                0x1000cb18                lv_obj_set_style_bg_grad_stop
                0x1000cb24                lv_obj_set_style_bg_grad
                0x1000cb30                lv_obj_set_style_bg_dither_mode
                0x1000cb3c                lv_obj_set_style_bg_img_src
                0x1000cb48                lv_obj_set_style_bg_img_opa
                0x1000cb54                lv_obj_set_style_bg_img_recolor
                0x1000cb7c                lv_obj_set_style_bg_img_recolor_opa
                0x1000cb88                lv_obj_set_style_bg_img_tiled
                0x1000cb94                lv_obj_set_style_border_color
                0x1000cbbc                lv_obj_set_style_border_opa
                0x1000cbc8                lv_obj_set_style_border_width
                0x1000cbd4                lv_obj_set_style_border_side
                0x1000cbe0                lv_obj_set_style_border_post
                0x1000cbec                lv_obj_set_style_outline_width
                0x1000cbf8                lv_obj_set_style_outline_color
                0x1000cc20                lv_obj_set_style_outline_opa
                0x1000cc2c                lv_obj_set_style_outline_pad
                0x1000cc38                lv_obj_set_style_shadow_width
                0x1000cc44                lv_obj_set_style_shadow_ofs_x
                0x1000cc50                lv_obj_set_style_shadow_ofs_y
                0x1000cc5c                lv_obj_set_style_shadow_spread
                0x1000cc68                lv_obj_set_style_shadow_color
                0x1000cc90                lv_obj_set_style_shadow_opa
                0x1000cc9c                lv_obj_set_style_img_opa
                0x1000cca8                lv_obj_set_style_img_recolor
                0x1000ccd0                lv_obj_set_style_img_recolor_opa
                0x1000ccdc                lv_obj_set_style_line_width
                0x1000cce8                lv_obj_set_style_line_dash_width
                0x1000ccf4                lv_obj_set_style_line_dash_gap
                0x1000cd00                lv_obj_set_style_line_rounded
                0x1000cd0c                lv_obj_set_style_line_color
                0x1000cd34                lv_obj_set_style_line_opa
                0x1000cd40                lv_obj_set_style_arc_width
                0x1000cd4c                lv_obj_set_style_arc_rounded
                0x1000cd58                lv_obj_set_style_arc_color
                0x1000cd80                lv_obj_set_style_arc_opa
                0x1000cd8c                lv_obj_set_style_arc_img_src
                0x1000cd98                lv_obj_set_style_text_color
                0x1000cdc0                lv_obj_set_style_text_opa
                0x1000cdcc                lv_obj_set_style_text_font
                0x1000cdd8                lv_obj_set_style_text_letter_space
                0x1000cde4                lv_obj_set_style_text_line_space
                0x1000cdf0                lv_obj_set_style_text_decor
                0x1000cdfc                lv_obj_set_style_text_align
                0x1000ce08                lv_obj_set_style_radius
                0x1000ce14                lv_obj_set_style_clip_corner
                0x1000ce20                lv_obj_set_style_opa
                0x1000ce2c                lv_obj_set_style_opa_layered
                0x1000ce38                lv_obj_set_style_color_filter_dsc
                0x1000ce44                lv_obj_set_style_color_filter_opa
                0x1000ce50                lv_obj_set_style_anim
                0x1000ce5c                lv_obj_set_style_anim_time
                0x1000ce68                lv_obj_set_style_anim_speed
                0x1000ce74                lv_obj_set_style_transition
                0x1000ce80                lv_obj_set_style_blend_mode
                0x1000ce8c                lv_obj_set_style_layout
                0x1000ce98                lv_obj_set_style_base_dir
 .text          0x1000cea4      0x978 lib/liblvgl.a(lv_obj_tree.c.o)
                0x1000d17c                lv_obj_del_anim_ready_cb
                0x1000d224                lv_obj_del
                0x1000d2cc                lv_obj_clean
                0x1000d314                lv_obj_del_delayed
                0x1000d344                lv_obj_del_async
                0x1000d350                lv_obj_set_parent
                0x1000d488                lv_obj_move_to_index
                0x1000d548                lv_obj_swap
                0x1000d6bc                lv_obj_get_screen
                0x1000d6cc                lv_obj_get_disp
                0x1000d718                lv_obj_get_parent
                0x1000d720                lv_obj_get_child
                0x1000d740                lv_obj_get_child_cnt
                0x1000d748                lv_obj_get_index
                0x1000d790                lv_obj_tree_walk
 .text          0x1000d81c     0x15b8 lib/liblvgl.a(lv_refr.c.o)
                0x1000d88c                _lv_refr_init
                0x1000d890                lv_obj_redraw
                0x1000e618                _lv_inv_area
                0x1000e70c                _lv_refr_get_disp_refreshing
                0x1000e718                _lv_refr_set_disp_refreshing
                0x1000e724                _lv_disp_refr_timer
                0x1000ed9c                lv_refr_now
 .text          0x1000edd4      0x1bc lib/liblvgl.a(lv_theme.c.o)
                0x1000ee2c                lv_theme_get_from_obj
                0x1000ee48                lv_theme_apply
                0x1000eec0                lv_theme_set_parent
                0x1000eec4                lv_theme_set_apply_cb
                0x1000eec8                lv_theme_get_font_small
                0x1000eef0                lv_theme_get_font_normal
                0x1000ef18                lv_theme_get_font_large
                0x1000ef40                lv_theme_get_color_primary
                0x1000ef68                lv_theme_get_color_secondary
 .text          0x1000ef90        0xc lib/liblvgl.a(lv_draw.c.o)
                0x1000ef90                lv_draw_init
                0x1000ef94                lv_draw_wait_for_finish
 .text          0x1000ef9c      0x394 lib/liblvgl.a(lv_draw_img.c.o)
                0x1000ef9c                lv_draw_img_dsc_init
                0x1000efc0                lv_draw_img
                0x1000f2c4                lv_img_cf_get_px_size
                0x1000f2d8                lv_img_cf_is_chroma_keyed
                0x1000f2e8                lv_img_cf_has_alpha
                0x1000f2fc                lv_img_src_get_type
                0x1000f318                lv_draw_img_decoded
 .text          0x1000f330      0xab4 lib/liblvgl.a(lv_draw_label.c.o)
                0x1000f330                lv_draw_label_dsc_init
                0x1000f360                lv_draw_label
                0x1000fdd8                lv_draw_letter
 .text          0x1000fde4       0xb0 lib/liblvgl.a(lv_draw_layer.c.o)
                0x1000fde4                lv_draw_layer_create
                0x1000fe48                lv_draw_layer_adjust
                0x1000fe50                lv_draw_layer_blend
                0x1000fe58                lv_draw_layer_destroy
 .text          0x1000fe94       0x34 lib/liblvgl.a(lv_draw_line.c.o)
                0x1000fe94                lv_draw_line_dsc_init
                0x1000feac                lv_draw_line
 .text          0x1000fec8     0x20a4 lib/liblvgl.a(lv_draw_mask.c.o)
                0x10010c60                lv_draw_mask_add
                0x10010d14                lv_draw_mask_apply
                0x10010d74                lv_draw_mask_apply_ids
                0x10010dd4                lv_draw_mask_remove_id
                0x10010df8                lv_draw_mask_remove_custom
                0x10010f3c                lv_draw_mask_free_param
                0x10010f7c                _lv_draw_mask_cleanup
                0x10010fa0                lv_draw_mask_get_cnt
                0x10011028                lv_draw_mask_is_any
                0x10011088                lv_draw_mask_line_points_init
                0x100114a0                lv_draw_mask_line_angle_init
                0x10011634                lv_draw_mask_angle_init
                0x1001189c                lv_draw_mask_radius_init
                0x10011e7c                lv_draw_mask_fade_init
                0x10011eac                lv_draw_mask_map_init
                0x10011ed0                lv_draw_mask_polygon_init
 .text          0x10011f6c       0x7c lib/liblvgl.a(lv_draw_rect.c.o)
                0x10011f6c                lv_draw_rect_dsc_init
                0x10011fb8                lv_draw_rect
 .text          0x10011fe8      0x6f8 lib/liblvgl.a(lv_img_buf.c.o)
                0x10011fe8                lv_img_buf_get_px_color
                0x100120d0                lv_img_buf_get_px_alpha
                0x100121c4                lv_img_buf_set_px_alpha
                0x10012298                lv_img_buf_set_px_color
                0x100123a4                lv_img_buf_set_palette
                0x10012418                lv_img_buf_alloc
                0x10012518                lv_img_buf_free
                0x10012534                lv_img_buf_get_img_size
                0x100125d4                _lv_img_buf_get_transformed_area
 .text          0x100126e0       0x64 lib/liblvgl.a(lv_img_cache.c.o)
                0x100126e0                _lv_img_cache_open
                0x1001273c                lv_img_cache_set_size
                0x10012740                lv_img_cache_invalidate_src
 .text          0x10012744      0x930 lib/liblvgl.a(lv_img_decoder.c.o)
                0x10012744                lv_img_decoder_built_in_info
                0x100127fc                lv_img_decoder_built_in_close
                0x10012830                lv_img_decoder_built_in_read_line
                0x10012b88                lv_img_decoder_built_in_open
                0x10012e78                _lv_img_decoder_init
                0x10012ebc                lv_img_decoder_get_info
                0x10012f14                lv_img_decoder_open
                0x10012fe4                lv_img_decoder_read_line
                0x10013008                lv_img_decoder_close
                0x1001302c                lv_img_decoder_create
                0x10013048                lv_img_decoder_delete
                0x10013064                lv_img_decoder_set_info_cb
                0x10013068                lv_img_decoder_set_open_cb
                0x1001306c                lv_img_decoder_set_read_line_cb
                0x10013070                lv_img_decoder_set_close_cb
 .text          0x10013074       0x10 lib/liblvgl.a(lv_extra.c.o)
                0x10013074                lv_extra_init
 .text          0x10013084       0xd4 lib/liblvgl.a(lv_font.c.o)
                0x10013124                lv_font_get_glyph_bitmap
                0x1001312c                lv_font_get_glyph_dsc
                0x1001313c                lv_font_get_glyph_width
 .text          0x10013158      0x484 lib/liblvgl.a(lv_font_fmt_txt.c.o)
                0x10013188                lv_font_get_bitmap_fmt_txt
                0x10013294                lv_font_get_glyph_dsc_fmt_txt
                0x100135d8                _lv_font_clean_up_fmt_txt
 .text          0x100135dc      0x9ac lib/liblvgl.a(lv_hal_disp.c.o)
                0x10013a24                lv_disp_drv_init
                0x10013a6c                lv_disp_draw_buf_init
                0x10013a88                lv_disp_drv_register
                0x10013bcc                lv_disp_drv_update
                0x10013c90                lv_disp_remove
                0x10013d1c                lv_disp_set_default
                0x10013d28                lv_disp_get_default
                0x10013d34                lv_disp_get_hor_res
                0x10013d58                lv_disp_get_ver_res
                0x10013d7c                lv_disp_get_physical_hor_res
                0x10013db0                lv_disp_get_physical_ver_res
                0x10013de4                lv_disp_get_offset_x
                0x10013e3c                lv_disp_get_offset_y
                0x10013e94                lv_disp_get_antialiasing
                0x10013eb0                lv_disp_get_dpi
                0x10013ecc                lv_disp_flush_ready
                0x10013ed8                lv_disp_flush_is_last
                0x10013ee4                lv_disp_get_next
                0x10013ef8                lv_disp_get_draw_buf
                0x10013f00                lv_disp_set_rotation
                0x10013f20                lv_disp_get_rotation
                0x10013f3c                lv_disp_drv_use_generic_set_px_cb
 .text          0x10013f88      0x144 lib/liblvgl.a(lv_hal_indev.c.o)
                0x10013f88                lv_indev_drv_init
                0x10013fa8                lv_indev_drv_register
                0x10013ff4                lv_indev_drv_update
                0x10014048                lv_indev_delete
                0x10014078                lv_indev_get_next
                0x1001408c                _lv_indev_read
 .text          0x100140cc       0x44 lib/liblvgl.a(lv_hal_tick.c.o)
                0x100140cc                lv_tick_inc
                0x100140e0                lv_tick_get
                0x100140f4                lv_tick_elaps
 .text          0x10014110      0x738 lib/liblvgl.a(lv_anim.c.o)
                0x10014110                lv_anim_path_linear
                0x100142d0                _lv_anim_core_init
                0x1001431c                lv_anim_init
                0x10014350                lv_anim_get_playtime
                0x1001439c                lv_anim_del
                0x100144f4                lv_anim_start
                0x10014590                lv_anim_del_all
                0x100145c4                lv_anim_get
                0x10014610                lv_anim_get_timer
                0x1001461c                lv_anim_count_running
                0x10014648                lv_anim_speed_to_time
                0x10014668                lv_anim_refr_now
                0x1001466c                lv_anim_path_ease_in
                0x100146a4                lv_anim_path_ease_out
                0x100146e0                lv_anim_path_ease_in_out
                0x10014718                lv_anim_path_overshoot
                0x10014754                lv_anim_path_bounce
                0x10014838                lv_anim_path_step
 .text          0x10014848      0xb2c lib/liblvgl.a(lv_area.c.o)
                0x10014848                lv_area_set
                0x10014870                lv_area_set_width
                0x1001487c                lv_area_set_height
                0x10014888                _lv_area_set_pos
                0x100148c0                lv_area_get_size
                0x100148e0                lv_area_increase
                0x1001491c                lv_area_move
                0x10014954                _lv_area_intersect
                0x100149bc                _lv_area_diff
                0x10014b74                _lv_area_join
                0x10014bcc                _lv_area_is_point_on
                0x10014d88                _lv_area_is_on
                0x10014dc4                _lv_area_is_in
                0x10014e58                _lv_area_is_out
                0x10014ef4                _lv_area_is_equal
                0x10014f30                lv_area_align
                0x1001520c                lv_point_transform
 .text          0x10015374       0xb8 lib/liblvgl.a(lv_async.c.o)
                0x10015388                lv_async_call
                0x100153c0                lv_async_call_cancel
 .text          0x1001542c      0x4bc lib/liblvgl.a(lv_color.c.o)
                0x1001542c                lv_color_fill
                0x100154e4                lv_color_lighten
                0x1001550c                lv_color_darken
                0x10015530                lv_color_change_lightness
                0x10015590                lv_color_hsv_to_rgb
                0x10015680                lv_color_rgb_to_hsv
                0x1001575c                lv_color_to_hsv
                0x10015884                lv_palette_main
                0x10015898                lv_palette_lighten
                0x100158c0                lv_palette_darken
 .text          0x100158e8      0x5b4 lib/liblvgl.a(lv_fs.c.o)
                0x100158e8                _lv_fs_init
                0x100158f4                lv_fs_is_ready
                0x1001592c                lv_fs_open
                0x100159cc                lv_fs_close
                0x10015a10                lv_fs_read
                0x10015b9c                lv_fs_write
                0x10015bdc                lv_fs_seek
                0x10015c64                lv_fs_tell
                0x10015c9c                lv_fs_dir_open
                0x10015d08                lv_fs_dir_read
                0x10015d28                lv_fs_dir_close
                0x10015d4c                lv_fs_drv_init
                0x10015d54                lv_fs_drv_register
                0x10015d6c                lv_fs_get_drv
                0x10015d98                lv_fs_get_letters
                0x10015dd8                lv_fs_get_ext
                0x10015e0c                lv_fs_up
                0x10015e5c                lv_fs_get_last
 .text          0x10015e9c       0xc0 lib/liblvgl.a(lv_gc.c.o)
                0x10015e9c                _lv_gc_clear_roots
 .text          0x10015f5c      0x354 lib/liblvgl.a(lv_ll.c.o)
                0x10015f5c                _lv_ll_init
                0x10015f6c                _lv_ll_ins_head
                0x10015f98                _lv_ll_ins_prev
                0x10015ff0                _lv_ll_ins_tail
                0x1001601c                _lv_ll_remove
                0x1001606c                _lv_ll_clear
                0x100160e4                _lv_ll_chg_list
                0x10016178                _lv_ll_get_head
                0x10016180                _lv_ll_get_tail
                0x10016188                _lv_ll_get_next
                0x10016190                _lv_ll_get_prev
                0x10016198                _lv_ll_get_len
                0x100161b8                _lv_ll_move_before
                0x10016298                _lv_ll_is_empty
 .text          0x100162b0      0x270 lib/liblvgl.a(lv_math.c.o)
                0x100162b0                lv_trigo_sin
                0x10016324                lv_bezier3
                0x1001637c                lv_sqrt
                0x100163ac                lv_atan2
                0x1001647c                lv_pow
                0x100164c4                lv_map
                0x100164f8                lv_rand
 .text          0x10016520      0xb08 lib/liblvgl.a(lv_mem.c.o)
                0x10016540                lv_mem_init
                0x1001655c                lv_mem_deinit
                0x1001657c                lv_mem_alloc
                0x100165ac                lv_mem_free
                0x100165d8                lv_mem_realloc
                0x1001663c                lv_mem_test
                0x10016678                lv_mem_monitor
                0x10016700                lv_mem_buf_get
                0x10016870                lv_mem_buf_release
                0x10016924                lv_mem_buf_free_all
                0x10016988                lv_memcpy
                0x10016dd4                lv_memset
                0x10016ed0                lv_memset_00
                0x10016f7c                lv_memset_ff
 .text          0x10017028      0x5ec lib/liblvgl.a(lv_style.c.o)
                0x10017028                lv_style_init
                0x10017030                lv_style_reset
                0x10017064                lv_style_register_prop
                0x100170e4                lv_style_get_num_custom_props
                0x100170f4                lv_style_remove_prop
                0x100171bc                lv_style_set_prop
                0x100172e4                lv_style_set_prop_meta
                0x100173ec                lv_style_transition_dsc_init
                0x10017418                lv_style_prop_get_default
                0x10017518                lv_style_get_prop
                0x100175b8                lv_style_is_empty
                0x100175c4                _lv_style_get_prop_group
                0x100175d4                _lv_style_prop_lookup_flags
 .text          0x10017614      0x308 lib/liblvgl.a(lv_timer.c.o)
                0x10017614                _lv_timer_core_init
                0x10017630                lv_timer_handler
                0x10017808                lv_timer_create_basic
                0x10017848                lv_timer_create
                0x10017888                lv_timer_set_cb
                0x1001788c                lv_timer_del
                0x100178b0                lv_timer_pause
                0x100178bc                lv_timer_resume
                0x100178c8                lv_timer_set_period
                0x100178cc                lv_timer_ready
                0x100178e0                lv_timer_set_repeat_count
                0x100178e4                lv_timer_reset
                0x100178f0                lv_timer_enable
                0x100178fc                lv_timer_get_idle
                0x10017908                lv_timer_get_next
 .text          0x1001791c      0xb1c lib/liblvgl.a(lv_tlsf.c.o)
                0x10017b48                lv_tlsf_check
                0x10017c20                lv_tlsf_walk_pool
                0x10017c64                lv_tlsf_block_size
                0x10017c70                lv_tlsf_check_pool
                0x10017cac                lv_tlsf_size
                0x10017cb4                lv_tlsf_align_size
                0x10017cb8                lv_tlsf_block_size_min
                0x10017cbc                lv_tlsf_block_size_max
                0x10017cc4                lv_tlsf_pool_overhead
                0x10017cc8                lv_tlsf_alloc_overhead
                0x10017ccc                lv_tlsf_add_pool
                0x10017d7c                lv_tlsf_remove_pool
                0x10017e1c                lv_tlsf_create
                0x10017e8c                lv_tlsf_create_with_pool
                0x10017f50                lv_tlsf_destroy
                0x10017f54                lv_tlsf_get_pool
                0x10017f5c                lv_tlsf_malloc
                0x1001804c                lv_tlsf_memalign
                0x10018234                lv_tlsf_free
                0x10018338                lv_tlsf_realloc
 .text          0x10018438      0x9f4 lib/liblvgl.a(lv_txt.c.o)
                0x10018950                _lv_txt_get_next_line
                0x100189ac                lv_txt_get_width
                0x10018af0                lv_txt_get_size
                0x10018c14                _lv_txt_is_cmd
                0x10018c4c                _lv_txt_ins
                0x10018d0c                _lv_txt_cut
                0x10018db8                _lv_txt_set_text_vfmt
                0x10018df8                _lv_txt_encoded_letter_next_2
 .text          0x10018e2c       0x4c lib/liblvgl.a(lv_utils.c.o)
                0x10018e2c                _lv_utils_bsearch
 .text          0x10018e78      0x678 lib/liblvgl.a(lv_disp.c.o)
                0x10018f70                lv_disp_get_scr_act
                0x10018f84                lv_disp_get_scr_prev
                0x10018f98                lv_disp_get_layer_top
                0x10018fac                lv_disp_get_layer_sys
                0x10018fc0                lv_disp_set_theme
                0x10019010                lv_disp_get_theme
                0x10019020                lv_disp_set_bg_color
                0x10019068                lv_disp_set_bg_image
                0x100190b0                lv_disp_set_bg_opa
                0x100190f8                lv_scr_load_anim
                0x10019404                lv_disp_load_scr
                0x1001941c                lv_disp_get_inactive_time
                0x10019458                lv_disp_trig_activity
                0x10019474                lv_disp_clean_dcache
                0x10019498                lv_disp_enable_invalidation
                0x100194c0                lv_disp_is_invalidation_enabled
                0x100194dc                _lv_disp_get_refr_timer
 .text          0x100194f0      0x578 lib/liblvgl.a(lv_event.c.o)
                0x10019688                lv_event_send
                0x100196c8                lv_obj_event_base
                0x100196fc                lv_event_get_target
                0x10019700                lv_event_get_current_target
                0x10019704                lv_event_get_code
                0x1001970c                lv_event_get_param
                0x10019710                lv_event_get_user_data
                0x10019714                lv_event_stop_bubbling
                0x10019720                lv_event_stop_processing
                0x1001972c                lv_event_register_id
                0x1001973c                _lv_event_mark_deleted
                0x10019768                lv_obj_add_event_cb
                0x100197d0                lv_obj_remove_event_cb
                0x10019858                lv_obj_remove_event_cb_with_user_data
                0x100198fc                lv_obj_remove_event_dsc
                0x10019974                lv_obj_get_event_user_data
                0x100199b8                lv_event_get_indev
                0x100199c8                lv_event_get_draw_part_dsc
                0x100199d8                lv_event_get_draw_ctx
                0x100199e8                lv_event_get_old_size
                0x100199f4                lv_event_get_key
                0x10019a08                lv_event_get_scroll_anim
                0x10019a14                lv_event_set_ext_draw_size
                0x10019a2c                lv_event_get_self_size_info
                0x10019a38                lv_event_get_hit_test_info
                0x10019a44                lv_event_get_cover_area
                0x10019a54                lv_event_set_cover_res
 .text          0x10019a68      0x92c lib/liblvgl.a(lv_group.c.o)
                0x10019e18                _lv_group_init
                0x10019e24                lv_group_create
                0x10019e58                lv_group_del
                0x10019f50                lv_group_set_default
                0x10019f5c                lv_group_get_default
                0x10019f68                lv_group_swap_obj
                0x10019fe4                lv_group_remove_obj
                0x1001a0d4                lv_group_add_obj
                0x1001a150                lv_group_remove_all_objs
                0x1001a20c                lv_group_focus_obj
                0x1001a214                lv_group_focus_next
                0x1001a23c                lv_group_focus_prev
                0x1001a264                lv_group_focus_freeze
                0x1001a270                lv_group_send_data
                0x1001a2a0                lv_group_set_focus_cb
                0x1001a2a4                lv_group_set_edge_cb
                0x1001a2a8                lv_group_set_editing
                0x1001a344                lv_group_set_refocus_policy
                0x1001a350                lv_group_set_wrap
                0x1001a35c                lv_group_get_focused
                0x1001a368                lv_group_get_focus_cb
                0x1001a370                lv_group_get_edge_cb
                0x1001a378                lv_group_get_editing
                0x1001a384                lv_group_get_wrap
                0x1001a390                lv_group_get_obj_count
 .text          0x1001a394      0xf9c lib/liblvgl.a(lv_indev.c.o)
                0x1001a4b8                lv_indev_enable
                0x1001a4dc                lv_indev_get_act
                0x1001a4e8                lv_indev_get_type
                0x1001a4f0                lv_indev_reset
                0x1001a5c0                lv_indev_reset_long_press
                0x1001a5dc                lv_indev_set_cursor
                0x1001a620                lv_indev_set_group
                0x1001a634                lv_indev_set_button_points
                0x1001a640                lv_indev_get_point
                0x1001a674                lv_indev_get_gesture_dir
                0x1001a67c                lv_indev_get_key
                0x1001a68c                lv_indev_get_scroll_dir
                0x1001a6a8                lv_indev_get_scroll_obj
                0x1001a6c0                lv_indev_get_vect
                0x1001a6e0                lv_indev_wait_release
                0x1001a6ec                lv_indev_get_obj_act
                0x1001a6f8                lv_indev_get_read_timer
                0x1001a700                lv_indev_search_obj
                0x1001aab4                lv_indev_read_timer_cb
 .text          0x1001b330      0xef8 lib/liblvgl.a(lv_indev_scroll.c.o)
                0x1001b860                _lv_indev_scroll_handler
                0x1001bec4                _lv_indev_scroll_throw_handler
                0x1001c1b0                lv_indev_scroll_throw_predict
                0x1001c1fc                lv_indev_scroll_get_snap_dist
 .text          0x1001c228       0xfc lib/liblvgl.a(lv_draw_sw.c.o)
                0x1001c228                lv_draw_sw_wait_for_finish
                0x1001c22c                lv_draw_sw_buffer_copy
                0x1001c290                lv_draw_sw_init_ctx
                0x1001c31c                lv_draw_sw_deinit_ctx
 .text          0x1001c324      0xef0 lib/liblvgl.a(lv_draw_sw_arc.c.o)
                0x1001c3c0                lv_draw_sw_arc
 .text          0x1001d214     0x1204 lib/liblvgl.a(lv_draw_sw_blend.c.o)
                0x1001d3d4                lv_draw_sw_blend
                0x1001d404                lv_draw_sw_blend_basic
 .text          0x1001e418      0x584 lib/liblvgl.a(lv_draw_sw_img.c.o)
                0x1001e418                lv_draw_sw_img_decoded
 .text          0x1001e99c      0x1e4 lib/liblvgl.a(lv_draw_sw_layer.c.o)
                0x1001e99c                lv_draw_sw_layer_create
                0x1001ea94                lv_draw_sw_layer_adjust
                0x1001eaf0                lv_draw_sw_layer_blend
                0x1001eb78                lv_draw_sw_layer_destroy
 .text          0x1001eb80      0x4dc lib/liblvgl.a(lv_draw_sw_letter.c.o)
                0x1001eb80                lv_draw_sw_letter
 .text          0x1001f05c      0x88c lib/liblvgl.a(lv_draw_sw_line.c.o)
                0x1001f05c                lv_draw_sw_line
 .text          0x1001f8e8      0x330 lib/liblvgl.a(lv_draw_sw_polygon.c.o)
                0x1001f8e8                lv_draw_sw_polygon
 .text          0x1001fc18     0x2718 lib/liblvgl.a(lv_draw_sw_rect.c.o)
                0x10020454                lv_draw_sw_bg
                0x100206a4                draw_border_generic
                0x10020f60                lv_draw_sw_rect
 .text          0x10022330      0xbb0 lib/liblvgl.a(lv_draw_sw_transform.c.o)
                0x10022330                lv_draw_sw_transform
 .text          0x10022ee0      0xf38 lib/liblvgl.a(lv_flex.c.o)
                0x10023c90                lv_flex_init
                0x10023cdc                lv_obj_set_flex_flow
                0x10023d00                lv_obj_set_flex_align
                0x10023d40                lv_obj_set_flex_grow
                0x10023d64                lv_style_set_flex_flow
                0x10023d74                lv_style_set_flex_main_place
                0x10023d84                lv_style_set_flex_cross_place
                0x10023d94                lv_style_set_flex_track_place
                0x10023da4                lv_style_set_flex_grow
                0x10023db4                lv_obj_set_style_flex_flow
                0x10023dc8                lv_obj_set_style_flex_main_place
                0x10023ddc                lv_obj_set_style_flex_cross_place
                0x10023df0                lv_obj_set_style_flex_track_place
                0x10023e04                lv_obj_set_style_flex_grow
 .text          0x10023e18      0xdec lib/liblvgl.a(lv_grid.c.o)
                0x10024954                lv_grid_init
                0x100249d0                lv_obj_set_grid_dsc_array
                0x10024a04                lv_obj_set_grid_align
                0x10024a2c                lv_obj_set_grid_cell
                0x10024a9c                lv_style_set_grid_row_dsc_array
                0x10024aac                lv_style_set_grid_column_dsc_array
                0x10024abc                lv_style_set_grid_row_align
                0x10024acc                lv_style_set_grid_column_align
                0x10024adc                lv_style_set_grid_cell_column_pos
                0x10024aec                lv_style_set_grid_cell_column_span
                0x10024afc                lv_style_set_grid_cell_row_pos
                0x10024b0c                lv_style_set_grid_cell_row_span
                0x10024b1c                lv_style_set_grid_cell_x_align
                0x10024b2c                lv_style_set_grid_cell_y_align
                0x10024b3c                lv_obj_set_style_grid_row_dsc_array
                0x10024b50                lv_obj_set_style_grid_column_dsc_array
                0x10024b64                lv_obj_set_style_grid_row_align
                0x10024b78                lv_obj_set_style_grid_column_align
                0x10024b8c                lv_obj_set_style_grid_cell_column_pos
                0x10024ba0                lv_obj_set_style_grid_cell_column_span
                0x10024bb4                lv_obj_set_style_grid_cell_row_pos
                0x10024bc8                lv_obj_set_style_grid_cell_row_span
                0x10024bdc                lv_obj_set_style_grid_cell_x_align
                0x10024bf0                lv_obj_set_style_grid_cell_y_align
 .text          0x10024c04     0x4548 lib/liblvgl.a(lv_theme_default.c.o)
                0x10029078                lv_theme_default_init
                0x10029124                lv_theme_default_get
                0x1002913c                lv_theme_default_is_inited
 .text          0x1002914c      0x7cc lib/liblvgl.a(lv_calendar.c.o)
                0x100292dc                lv_calendar_create
                0x100292f4                lv_calendar_set_day_names
                0x10029340                lv_calendar_set_today_date
                0x1002942c                lv_calendar_set_highlighted_dates
                0x10029518                lv_calendar_set_showed_date
                0x100298ac                lv_calendar_get_btnmatrix
                0x100298b0                lv_calendar_get_today_date
                0x100298b4                lv_calendar_get_showed_date
                0x100298b8                lv_calendar_get_highlighted_dates
                0x100298bc                lv_calendar_get_highlighted_dates_num
                0x100298c0                lv_calendar_get_pressed_date
 .text          0x10029918      0x1b4 lib/liblvgl.a(lv_calendar_header_arrow.c.o)
                0x10029ab4                lv_calendar_header_arrow_create
 .text          0x10029acc      0x240 lib/liblvgl.a(lv_calendar_header_dropdown.c.o)